Microchip MPLAB XC8 Compiler V2.32

Linker command line:

-W-3 --edf=C:\Program Files\Microchip\xc8\v2.32\pic\dat\en_msgs.txt -cn \
  -h+dist/default/production\new_project.production.sym \
  --cmf=dist/default/production\new_project.production.cmf -z -Q18F4620 \
  -oC:\Users\MAHMOO~1\AppData\Local\Temp\xcAs7pc.4 --defsym=__MPLAB_BUILD=1 \
  -Mdist/default/production/new_project.production.map -E1 \
  -ver=XC8 Compiler --acfsm=1493 -ASTACK=080h-0F7Fh -pstack=STACK \
  -ACODE=00h-0FFFFh -ACONST=00h-0FFFFh -ASMALLCONST=01000h-010FFhx240 \
  -AMEDIUMCONST=01000h-0FFFFh -ACOMRAM=01h-07Fh -AABS1=00h-0F7Fh \
  -ABIGRAM=01h-0F7Fh -ARAM=080h-0FFh,0100h-01FFhx14,0F00h-0F7Fh \
  -ABANK0=080h-0FFh -ABANK1=0100h-01FFh -ABANK2=0200h-02FFh \
  -ABANK3=0300h-03FFh -ABANK4=0400h-04FFh -ABANK5=0500h-05FFh \
  -ABANK6=0600h-06FFh -ABANK7=0700h-07FFh -ABANK8=0800h-08FFh \
  -ABANK9=0900h-09FFh -ABANK10=0A00h-0AFFh -ABANK11=0B00h-0BFFh \
  -ABANK12=0C00h-0CFFh -ABANK13=0D00h-0DFFh -ABANK14=0E00h-0EFFh \
  -ABANK15=0F00h-0F7Fh -ASFR=0F80h-0FFFh -ACONFIG=0300000h-030000Dh \
  -AIDLOC=0200000h-0200007h -AEEDATA=0F00000h-0F003FFh -peeprom_data=EEDATA \
  -preset_vec=00h,intcode,intcodelo,powerup,init -pramtop=01000h \
  -psmallconst=SMALLCONST -pmediumconst=MEDIUMCONST -pconst=CONST \
  -AFARRAM=00h-00h \
  -prdata=COMRAM,nvrram=COMRAM,nvbit=COMRAM,rbss=COMRAM,rbit=COMRAM \
  -pfarbss=FARRAM,fardata=FARRAM,nvFARRAM=FARRAM \
  -pintsave_regs=BIGRAM,bigbss=BIGRAM,bigdata=BIGRAM -pbss=RAM \
  -pidata=CODE,irdata=CODE,ibigdata=CODE,ifardata=CODE -prparam=COMRAM \
  C:\Users\MAHMOO~1\AppData\Local\Temp\xcAs7pc.o \
  dist/default/production\new_project.production.o 

Object code version is 3.11

Machine type is 18F4620



                Name                               Link     Load   Length Selector   Space Scale
C:\Users\MAHMOO~1\AppData\Local\Temp\xcAs7pc.o
                idloc                            200000   200000        8        0       5
                config                           300000   300000        E        0       4
                init                                  0        0        4        0       0
dist/default/production\new_project.production.o
                idloc                            200000   200000        8        0       5
                config                           300000   300000        E        0       4
                text7                              FDEC     FDEC       E8     7EF6       0
                text6                              FED4     FED4      12C     7F6A       0
                text5                              FB88     FB88       66     7DC4       0
                text4                              FCDA     FCDA       7A     7E6D       0
                text3                              FB20     FB20       32     7D90       0
                text2                              FBEE     FBEE       76     7DF7       0
                text1                              FC64     FC64       76     7E32       0
                text0                              FD54     FD54       98     7EAA       0
                cstackCOMRAM                         28       28       15        1       1
                dataCOMRAM                            1        1       27        1       1
                bssCOMRAM                            3D       3D        8        1       1
                cinit                              FB52     FB52       36     7DA9       0
                idataCOMRAM                        FAF9     FAF9       27     FAF9       0

TOTAL           Name                               Link     Load   Length     Space
        CLASS   STACK          

        CLASS   CODE           
                init                                  0        0        4         0
                text7                              FDEC     FDEC       E8         0
                text6                              FED4     FED4      12C         0
                text5                              FB88     FB88       66         0
                text4                              FCDA     FCDA       7A         0
                text3                              FB20     FB20       32         0
                text2                              FBEE     FBEE       76         0
                text1                              FC64     FC64       76         0
                text0                              FD54     FD54       98         0
                cinit                              FB52     FB52       36         0
                idataCOMRAM                        FAF9     FAF9       27         0

        CLASS   CONST          

        CLASS   SMALLCONST     

        CLASS   MEDIUMCONST    

        CLASS   COMRAM         
                cstackCOMRAM                         28       28       15         1
                dataCOMRAM                            1        1       27         1
                bssCOMRAM                            3D       3D        8         1

        CLASS   ABS1           

        CLASS   BIGRAM         

        CLASS   RAM            

        CLASS   BANK0          

        CLASS   BANK1          

        CLASS   BANK2          

        CLASS   BANK3          

        CLASS   BANK4          

        CLASS   BANK5          

        CLASS   BANK6          

        CLASS   BANK7          

        CLASS   BANK8          

        CLASS   BANK9          

        CLASS   BANK10         

        CLASS   BANK11         

        CLASS   BANK12         

        CLASS   BANK13         

        CLASS   BANK14         

        CLASS   BANK15         

        CLASS   SFR            

        CLASS   CONFIG         
                config                           300000   300000        E         4

        CLASS   IDLOC          
                idloc                            200000   200000        8         5

        CLASS   EEDATA         

        CLASS   FARRAM         



SEGMENTS        Name                           Load    Length   Top    Selector   Space  Class

                reset_vec                      000000  000004  000004         0       0  CODE    
                dataCOMRAM                     000001  000044  000045         1       1  COMRAM  
                idataCOMRAM                    00FAF9  000027  00FB20      FAF9       0  CODE    
                text3                          00FB20  000032  00FB52      7D90       0  CODE    
                cinit                          00FB52  000036  00FB88      7DA9       0  CODE    
                text5                          00FB88  000066  00FBEE      7DC4       0  CODE    
                text2                          00FBEE  000076  00FC64      7DF7       0  CODE    
                text1                          00FC64  000076  00FCDA      7E32       0  CODE    
                text4                          00FCDA  00007A  00FD54      7E6D       0  CODE    
                text0                          00FD54  000098  00FDEC      7EAA       0  CODE    
                text7                          00FDEC  0000E8  00FED4      7EF6       0  CODE    
                text6                          00FED4  00012C  010000      7F6A       0  CODE    


UNUSED ADDRESS RANGES

        Name                Unused          Largest block    Delta
        BANK0            000080-0000FF               80
        BANK1            000100-0001FF              100
        BANK10           000A00-000AFF              100
        BANK11           000B00-000BFF              100
        BANK12           000C00-000CFF              100
        BANK13           000D00-000DFF              100
        BANK14           000E00-000EFF              100
        BANK15           000F00-000F7F               80
        BANK2            000200-0002FF              100
        BANK3            000300-0003FF              100
        BANK4            000400-0004FF              100
        BANK5            000500-0005FF              100
        BANK6            000600-0006FF              100
        BANK7            000700-0007FF              100
        BANK8            000800-0008FF              100
        BANK9            000900-0009FF              100
        BIGRAM           000045-000F7F              F3B
        CODE             000004-00FAF8             FAF5
        COMRAM           000045-00007F               3B
        CONST            000004-00FAF8             FAF5
        EEDATA           F00000-F003FF              400
        MEDIUMCONST      001000-00FAF8             EAF9
        RAM              000080-000F7F              100
        SFR              000F80-000FFF               80
        SMALLCONST       001000-00FAF8              100
        STACK            000080-000F7F              F00

                                  Symbol Table

_LATA                                    (abs)        000F89
_LATB                                    (abs)        000F8A
_LATC                                    (abs)        000F8B
_LATD                                    (abs)        000F8C
_LATE                                    (abs)        000F8D
_PORTA                                   (abs)        000F80
_PORTB                                   (abs)        000F81
_PORTC                                   (abs)        000F82
_PORTD                                   (abs)        000F83
_PORTE                                   (abs)        000F84
_TRISA                                   (abs)        000F92
_TRISB                                   (abs)        000F93
_TRISC                                   (abs)        000F94
_TRISD                                   (abs)        000F95
_TRISE                                   (abs)        000F96
__HRAM                                   (abs)        000000
__Habs1                                  abs1         000000
__Hbank0                                 bank0        000000
__Hbank1                                 bank1        000000
__Hbank10                                bank10       000000
__Hbank11                                bank11       000000
__Hbank12                                bank12       000000
__Hbank13                                bank13       000000
__Hbank14                                bank14       000000
__Hbank15                                bank15       000000
__Hbank2                                 bank2        000000
__Hbank3                                 bank3        000000
__Hbank4                                 bank4        000000
__Hbank5                                 bank5        000000
__Hbank6                                 bank6        000000
__Hbank7                                 bank7        000000
__Hbank8                                 bank8        000000
__Hbank9                                 bank9        000000
__Hbigbss                                bigbss       000000
__Hbigdata                               bigdata      000000
__Hbigram                                bigram       000000
__Hbss                                   bss          000000
__HbssCOMRAM                             bssCOMRAM    000000
__Hcinit                                 cinit        000000
__Hclrtext                               clrtext      000000
__Hcomram                                comram       000000
__Hconfig                                config       30000E
__Hconst                                 const        000000
__HcstackCOMRAM                          cstackCOMRAM 000000
__Hdata                                  data         000000
__HdataCOMRAM                            dataCOMRAM   000000
__Heeprom_data                           eeprom_data  000000
__Hfarbss                                farbss       000000
__Hfardata                               fardata      000000
__Hibigdata                              ibigdata     000000
__Hidata                                 idata        000000
__HidataCOMRAM                           idataCOMRAM  000000
__Hidloc                                 idloc        200008
__Hifardata                              ifardata     000000
__Hinit                                  init         000004
__Hintcode                               intcode      000000
__Hintcode_body                          intcode_body 000000
__Hintcodelo                             intcodelo    000000
__Hintentry                              intentry     000000
__Hintret                                intret       000000
__Hintsave_regs                          intsave_regs 000000
__Hirdata                                irdata       000000
__Hmediumconst                           mediumconst  000000
__HnvFARRAM                              nvFARRAM     000000
__Hnvbit                                 nvbit        000000
__Hnvrram                                nvrram       000000
__Hparam                                 rparam       000000
__Hpowerup                               powerup      000000
__Hram                                   ram          000000
__Hramtop                                ramtop       001000
__Hrbit                                  rbit         000000
__Hrbss                                  rbss         000000
__Hrdata                                 rdata        000000
__Hreset_vec                             reset_vec    000000
__Hrparam                                rparam       000000
__Hsfr                                   sfr          000000
__Hsmallconst                            smallconst   000000
__Hspace_0                               (abs)        010000
__Hspace_1                               (abs)        000045
__Hspace_2                               (abs)        000000
__Hspace_4                               (abs)        60000E
__Hstack                                 stack        000000
__Hstruct                                struct       000000
__Htemp                                  temp         000000
__Htext                                  text         000000
__Htext0                                 text0        000000
__Htext1                                 text1        000000
__Htext2                                 text2        000000
__Htext3                                 text3        000000
__Htext4                                 text4        000000
__Htext5                                 text5        000000
__Htext6                                 text6        000000
__Htext7                                 text7        000000
__LRAM                                   (abs)        000001
__Labs1                                  abs1         000000
__Lbank0                                 bank0        000000
__Lbank1                                 bank1        000000
__Lbank10                                bank10       000000
__Lbank11                                bank11       000000
__Lbank12                                bank12       000000
__Lbank13                                bank13       000000
__Lbank14                                bank14       000000
__Lbank15                                bank15       000000
__Lbank2                                 bank2        000000
__Lbank3                                 bank3        000000
__Lbank4                                 bank4        000000
__Lbank5                                 bank5        000000
__Lbank6                                 bank6        000000
__Lbank7                                 bank7        000000
__Lbank8                                 bank8        000000
__Lbank9                                 bank9        000000
__Lbigbss                                bigbss       000000
__Lbigdata                               bigdata      000000
__Lbigram                                bigram       000000
__Lbss                                   bss          000000
__LbssCOMRAM                             bssCOMRAM    000000
__Lcinit                                 cinit        000000
__Lclrtext                               clrtext      000000
__Lcomram                                comram       000000
__Lconfig                                config       000000
__Lconst                                 const        000000
__LcstackCOMRAM                          cstackCOMRAM 000000
__Ldata                                  data         000000
__LdataCOMRAM                            dataCOMRAM   000000
__Leeprom_data                           eeprom_data  000000
__Lfarbss                                farbss       000000
__Lfardata                               fardata      000000
__Libigdata                              ibigdata     000000
__Lidata                                 idata        000000
__LidataCOMRAM                           idataCOMRAM  000000
__Lidloc                                 idloc        000000
__Lifardata                              ifardata     000000
__Linit                                  init         000000
__Lintcode                               intcode      000000
__Lintcode_body                          intcode_body 000000
__Lintcodelo                             intcodelo    000000
__Lintentry                              intentry     000000
__Lintret                                intret       000000
__Lintsave_regs                          intsave_regs 000000
__Lirdata                                irdata       000000
__Lmediumconst                           mediumconst  000000
__LnvFARRAM                              nvFARRAM     000000
__Lnvbit                                 nvbit        000000
__Lnvrram                                nvrram       000000
__Lparam                                 rparam       000000
__Lpowerup                               powerup      000000
__Lram                                   ram          000000
__Lramtop                                ramtop       001000
__Lrbit                                  rbit         000000
__Lrbss                                  rbss         000000
__Lrdata                                 rdata        000000
__Lreset_vec                             reset_vec    000000
__Lrparam                                rparam       000000
__Lsfr                                   sfr          000000
__Lsmallconst                            smallconst   000000
__Lspace_0                               (abs)        000000
__Lspace_1                               (abs)        000000
__Lspace_2                               (abs)        000000
__Lspace_4                               (abs)        000000
__Lstack                                 stack        000000
__Lstruct                                struct       000000
__Ltemp                                  temp         000000
__Ltext                                  text         000000
__Ltext0                                 text0        000000
__Ltext1                                 text1        000000
__Ltext2                                 text2        000000
__Ltext3                                 text3        000000
__Ltext4                                 text4        000000
__Ltext5                                 text5        000000
__Ltext6                                 text6        000000
__Ltext7                                 text7        000000
__S0                                     (abs)        010000
__S1                                     (abs)        000045
__S2                                     (abs)        000000
__S4                                     (abs)        000000
__S5                                     (abs)        000000
___inthi_sp                              stack        000000
___intlo_sp                              stack        000000
___param_bank                            (abs)        000000
___rparam_used                           (abs)        000001
___sp                                    stack        000000
__accesstop                              (abs)        000080
__activetblptr                           (abs)        000002
__end_of__initialization                 cinit        00FB7E
__end_of_application_initialize          text3        00FB52
__end_of_gpio_pin_dirction_initialize    text7        00FED4
__end_of_gpio_pin_initialize             text5        00FBEE
__end_of_gpio_pin_write_logic            text6        010000
__end_of_led_initialize                  text4        00FD54
__end_of_led_turn_off                    text2        00FC64
__end_of_led_turn_on                     text1        00FCDA
__end_of_main                            text0        00FDEC
__initialization                         cinit        00FB52
__mediumconst                            mediumconst  000000
__pbssCOMRAM                             bssCOMRAM    00003D
__pcinit                                 cinit        00FB52
__pcstackCOMRAM                          cstackCOMRAM 000028
__pdataCOMRAM                            dataCOMRAM   000001
__pidataCOMRAM                           idataCOMRAM  00FAF9
__ptext0                                 text0        00FD54
__ptext1                                 text1        00FC64
__ptext2                                 text2        00FBEE
__ptext3                                 text3        00FB20
__ptext4                                 text4        00FCDA
__ptext5                                 text5        00FB88
__ptext6                                 text6        00FED4
__ptext7                                 text7        00FDEC
__ramtop                                 ramtop       001000
__size_of_application_initialize         (abs)        000000
__size_of_gpio_pin_dirction_initialize   (abs)        000000
__size_of_gpio_pin_initialize            (abs)        000000
__size_of_gpio_pin_write_logic           (abs)        000000
__size_of_led_initialize                 (abs)        000000
__size_of_led_turn_off                   (abs)        000000
__size_of_led_turn_on                    (abs)        000000
__size_of_main                           (abs)        000000
__smallconst                             smallconst   000000
_application_initialize                  text3        00FB20
_btn1_status                             bssCOMRAM    00003D
_btn_1                                   dataCOMRAM   00001F
_gpio_pin_dirction_initialize            text7        00FDEC
_gpio_pin_initialize                     text5        00FB88
_gpio_pin_write_logic                    text6        00FED4
_lat_register                            dataCOMRAM   00000B
_led1                                    dataCOMRAM   000027
_led2                                    dataCOMRAM   000026
_led3                                    dataCOMRAM   000025
_led4                                    dataCOMRAM   000024
_led_1                                   dataCOMRAM   000022
_led_1st                                 bssCOMRAM    00003E
_led_2                                   dataCOMRAM   000021
_led_3                                   dataCOMRAM   000020
_led_initialize                          text4        00FCDA
_led_turn_off                            text2        00FBEE
_led_turn_on                             text1        00FC64
_main                                    text0        00FD54
_port_register                           dataCOMRAM   000001
_portc_direction_status                  bssCOMRAM    000040
_portc_logic_status                      bssCOMRAM    00003F
_ret                                     dataCOMRAM   000023
_tris_register                           dataCOMRAM   000015
end_of_initialization                    cinit        00FB7E
gpio_pin_dirction_initialize@_pin_config cstackCOMRAM 000028
gpio_pin_dirction_initialize@ret         cstackCOMRAM 000030
gpio_pin_initialize@_pin_config          cstackCOMRAM 000032
gpio_pin_initialize@ret                  cstackCOMRAM 000035
gpio_pin_write_logic@_pin_config         cstackCOMRAM 000028
gpio_pin_write_logic@logic               cstackCOMRAM 00002A
gpio_pin_write_logic@ret                 cstackCOMRAM 000031
intlevel0                                text         000000
intlevel1                                text         000000
intlevel2                                text         000000
intlevel3                                text         000000
isa$std                                  (abs)        000001
isa$xinst                                (abs)        000000
led_initialize@F2837                     bssCOMRAM    000044
led_initialize@led                       cstackCOMRAM 000036
led_initialize@pin_obj                   cstackCOMRAM 00003A
led_initialize@ret                       cstackCOMRAM 000039
led_turn_off@F2847                       bssCOMRAM    000042
led_turn_off@led                         cstackCOMRAM 000032
led_turn_off@pin_obj                     cstackCOMRAM 000035
led_turn_on@F2842                        bssCOMRAM    000043
led_turn_on@led                          cstackCOMRAM 000032
led_turn_on@pin_obj                      cstackCOMRAM 000035
led_turn_toggle@F2852                    bssCOMRAM    000041
stackhi                                  (abs)        000F7F
stacklo                                  (abs)        000080
start                                    init         000000
start_initialization                     cinit        00FB52


MODULE INFORMATION

Module		Function		Class		Link	Load	Size
main_application.c
		_application_initialize		CODE           	FB20	0000	50
		_main          		CODE           	FD54	0000	152

main_application.c estimated size: 202

ECU_LAYER/LED/ecu_led.c
		_led_initialize		CODE           	FCDA	0000	122
		_led_turn_on   		CODE           	FC64	0000	118
		_led_turn_off  		CODE           	FBEE	0000	118

ECU_LAYER/LED/ecu_led.c estimated size: 358

MCAL_LAYER/GPIO/hal_gpio.c
		_gpio_pin_write_logic		CODE           	FED4	0000	300
		_gpio_pin_dirction_initialize		CODE           	FDEC	0000	232
		_gpio_pin_initialize		CODE           	FB88	0000	102

MCAL_LAYER/GPIO/hal_gpio.c estimated size: 634

shared
		__initialization		CODE           	FB52	0000	44

shared estimated size: 44

